../Core/Src/main.c:98:6:buzzerInit	8	static
../Core/Src/main.c:104:6:buzzerChangeTone	40	static
../Core/Src/main.c:127:5:main	24	static
../Core/Src/main.c:200:6:SystemClock_Config	128	static
../Core/Src/main.c:252:13:MX_ADC1_Init	48	static
../Core/Src/main.c:318:13:MX_I2C1_Init	8	static
../Core/Src/main.c:366:13:MX_SPI1_Init	8	static
../Core/Src/main.c:406:13:MX_TIM2_Init	40	static
../Core/Src/main.c:451:13:MX_TIM3_Init	40	static
../Core/Src/main.c:496:13:MX_TIM4_Init	48	static
../Core/Src/main.c:545:13:MX_USART2_UART_Init	8	static
../Core/Src/main.c:580:13:MX_USB_PCD_Init	8	static
../Core/Src/main.c:611:13:MX_GPIO_Init	56	static
../Core/Src/main.c:693:6:HAL_UART_RxCpltCallback	16	static
../Core/Src/main.c:705:6:HAL_ADC_ConvCpltCallback	136	static
../Core/Src/main.c:744:6:HAL_TIM_PeriodElapsedCallback	40	static
../Core/Src/main.c:881:13:setADC_value	8	static
../Core/Src/main.c:896:13:displyLCD	32	static
../Core/Src/main.c:922:6:HAL_GPIO_EXTI_Callback	32	static
../Core/Src/main.c:1157:6:Sleep_melody	8	static
../Core/Src/main.c:1177:6:Error_Handler	4	static,ignoring_inline_asm
