../Core/Src/main.c:98:6:buzzerInit	8	static
../Core/Src/main.c:104:6:buzzerChangeTone	40	static
../Core/Src/main.c:127:5:main	24	static
../Core/Src/main.c:197:6:SystemClock_Config	128	static
../Core/Src/main.c:249:13:MX_ADC1_Init	48	static
../Core/Src/main.c:315:13:MX_I2C1_Init	8	static
../Core/Src/main.c:363:13:MX_SPI1_Init	8	static
../Core/Src/main.c:403:13:MX_TIM2_Init	40	static
../Core/Src/main.c:448:13:MX_TIM3_Init	40	static
../Core/Src/main.c:493:13:MX_TIM4_Init	64	static
../Core/Src/main.c:552:13:MX_USART2_UART_Init	8	static
../Core/Src/main.c:587:13:MX_USB_PCD_Init	8	static
../Core/Src/main.c:618:13:MX_GPIO_Init	56	static
../Core/Src/main.c:702:6:HAL_UART_RxCpltCallback	16	static
../Core/Src/main.c:711:6:HAL_ADC_ConvCpltCallback	136	static
../Core/Src/main.c:744:6:HAL_TIM_PeriodElapsedCallback	16	static
../Core/Src/main.c:773:13:setADC_value	16	static
../Core/Src/main.c:788:6:displyLCD	32	static
../Core/Src/main.c:810:6:HAL_GPIO_EXTI_Callback	32	static
../Core/Src/main.c:979:6:Error_Handler	4	static,ignoring_inline_asm
